[01:32:08] [main/INFO]: Loading Minecraft 1.21.11 with Fabric Loader 0.18.2
[01:32:08] [main/INFO]: Loading 4 mods:
	- fabricloader 0.18.2
	   \-- mixinextras 0.5.0
	- java 21
	- minecraft 1.21.11
[01:32:09] [main/INFO]: SpongePowered MIXIN Subsystem Version=0.8.7 Source=file:/workspaces/PatPat/servidor_minecraft/libraries/net/fabricmc/sponge-mixin/0.16.5+mixin.0.8.7/sponge-mixin-0.16.5+mixin.0.8.7.jar Service=Knot/Fabric Env=SERVER
[01:32:18] [main/INFO]: Environment: Environment[sessionHost=https://sessionserver.mojang.com, servicesHost=https://api.minecraftservices.com, profilesHost=https://api.mojang.com, name=PROD]
[01:32:22] [main/INFO]: Loaded 1470 recipes
[01:32:22] [main/INFO]: Loaded 1584 advancements
[01:32:22] [Server thread/INFO]: Starting minecraft server version 1.21.11
[01:32:22] [Server thread/INFO]: Loading properties
[01:32:22] [Server thread/INFO]: Default game type: SURVIVAL
[01:32:22] [Server thread/INFO]: Generating keypair
[01:32:22] [Server thread/INFO]: Starting Minecraft server on *:25565
[01:32:23] [Server thread/WARN]: **** SERVER IS RUNNING IN OFFLINE/INSECURE MODE!
[01:32:23] [Server thread/WARN]: The server will make no attempt to authenticate usernames. Beware.
[01:32:23] [Server thread/WARN]: While this makes the game possible to play without internet access, it also opens up the ability for hackers to connect with any username they choose.
[01:32:23] [Server thread/WARN]: To change this, set "online-mode" to "true" in the server.properties file.
[01:32:23] [Server thread/INFO]: Preparing level "world"
[01:32:23] [Server thread/INFO]: Loading 0 persistent chunks...
[01:32:23] [Server thread/INFO]: Preparing spawn area: 100%
[01:32:23] [Server thread/INFO]: Time elapsed: 16 ms
[01:32:23] [Server thread/INFO]: Done (0.613s)! For help, type "help"
[01:33:05] [Server thread/INFO]: Akukis[/192.168.194.127:64097] logged in with entity id 99 at (-946.6631593028939, 68.0, -188.08099374793937)
[01:33:05] [Server thread/INFO]: Akukis joined the game
[01:33:10] [Server thread/INFO]: [Akukis: Set own game mode to Survival Mode]
[01:34:42] [Server thread/INFO]: Akukis was slain by Zombie
[01:37:12] [Server thread/INFO]: [Akukis: Summoned new Zombie]
[01:39:08] [Server thread/INFO]: [Akukis: Summoned new Zoglin]
[01:39:32] [Server thread/INFO]: [Akukis: Summoned new Zoglin]
